// Vitest Snapshot v1, https://vitest.dev/guide/snapshot.html

exports[`Helper | displayCurrency > Check displayCurrency function 1`] = `"20,00 EUR"`;
