// Vitest Snapshot v1, https://vitest.dev/guide/snapshot.html

exports[`Helper | getTransactionSum > Check getTransactionSum function 1`] = `300`;
